[2026-09-07T06:00:38.929Z][INFO] Command-line: 'C:\\Program Files\\Unity\\Hub\\Editor\\6000.5.8f1\\Editor\\Data\\Resources\\PackageManager\\Server\\UnityPackageManager.exe' server -s 35156 --ipc-path Unity-Upm-35156 -l 2 --log-file C:\\UnityProjects\\GameOfBallsRepo/Logs/upm.log
[2026-09-07T06:00:38.985Z][INFO] IPC server started (IPC path=Unity-Upm-35156).
[2026-09-07T06:00:38.985Z][INFO] Hint: To connect to this UPM instance, launch Unity with the command-line parameter -upmIpcPath Upm-35156.
[2026-09-07T06:01:06.130Z][INFO] project:list-packages <-- Request received
params: {}
[2026-09-07T06:01:06.135Z][INFO] project:list-packages --> 404 (5 ms)
[2026-09-07T06:01:06.426Z][INFO] config:project:get-registries <-- Request received
params: {}
[2026-09-07T06:01:06.435Z][INFO] config:project:get-registries --> 404 (9 ms)
[2026-09-07T06:01:06.450Z][INFO] project:list-packages <-- Request received
params: {}
[2026-09-07T06:01:06.451Z][INFO] project:list-packages --> 404 (1 ms)
[2026-09-07T06:01:07.309Z][INFO] project:update-dependencies <-- Request received
params: {}
[2026-09-07T06:01:07.348Z][INFO] project:update-dependencies --> 200 (39 ms)
[2026-09-07T06:01:07.381Z][INFO] project:resolve-packages <-- Request received
params: {}
[2026-09-07T06:01:08.577Z][INFO] project:resolve-packages --> 200 (1196 ms)
[2026-09-07T06:01:26.955Z][INFO] project:list-packages <-- Request received
params: {}
[2026-09-07T06:01:26.991Z][INFO] project:list-packages <-- Request received
params: {}
[2026-09-07T06:01:27.073Z][INFO] project:list-packages --> 200 (118 ms)
[2026-09-07T06:01:27.108Z][INFO] config:project:get-registries <-- Request received
params: {}
[2026-09-07T06:01:27.114Z][INFO] config:project:get-registries --> 200 (6 ms)
[2026-09-07T06:01:27.115Z][INFO] project:list-packages --> 200 (124 ms)
[2026-09-07T06:01:31.404Z][INFO] project:list-packages <-- Request received
params: {}
[2026-09-07T06:01:31.489Z][INFO] project:list-packages --> 200 (85 ms)
[2026-09-07T06:01:33.491Z][INFO] project:list-packages <-- Request received
params: {}
[2026-09-07T06:01:33.559Z][INFO] project:list-packages --> 200 (68 ms)
[2026-09-07T06:01:33.637Z][INFO] packages:get-all-packageinfo <-- Request received
params: {}
[2026-09-07T06:01:33.651Z][INFO] packages:get-all-packageinfo <-- Request received
params: {}
[2026-09-07T06:01:35.779Z][INFO] packages:get-all-packageinfo --> 200 (2128 ms)
[2026-09-07T06:01:35.867Z][INFO] project:list-packages <-- Request received
params: {}
[2026-09-07T06:01:36.188Z][INFO] packages:get-packageinfo <-- Request received
params: {
  "packageId": "com.unity.addressables@2.9.1"
}
[2026-09-07T06:01:36.190Z][INFO] packages:get-packageinfo <-- Request received
params: {
  "packageId": "com.unity.ads.ios-support@1.0.1"
}
[2026-09-07T06:01:36.192Z][INFO] packages:get-packageinfo <-- Request received
params: {
  "packageId": "com.unity.learn.iet-framework@5.0.4"
}
[2026-09-07T06:01:36.194Z][INFO] packages:get-packageinfo <-- Request received
params: {
  "packageId": "com.unity.learn.iet-framework.authoring@1.5.4"
}
[2026-09-07T06:01:36.195Z][INFO] packages:get-packageinfo <-- Request received
params: {
  "packageId": "com.unity.project-auditor-rules@1.0.3"
}
[2026-09-07T06:01:36.198Z][INFO] packages:get-packageinfo <-- Request received
params: {
  "packageId": "com.unity.scriptablebuildpipeline@2.6.1"
}
[2026-09-07T06:01:36.200Z][INFO] packages:get-packageinfo <-- Request received
params: {
  "packageId": "com.unity.services.friends@1.1.1"
}
[2026-09-07T06:01:36.202Z][INFO] packages:get-packageinfo <-- Request received
params: {
  "packageId": "com.unity.services.moderation@1.0.2"
}
[2026-09-07T06:01:36.204Z][INFO] packages:get-packageinfo <-- Request received
params: {
  "packageId": "com.unity.xr.androidxr-openxr@1.3.1"
}
[2026-09-07T06:01:36.205Z][INFO] packages:get-packageinfo <-- Request received
params: {
  "packageId": "com.unity.xr.arcore@6.5.0"
}
[2026-09-07T06:01:36.207Z][INFO] packages:get-packageinfo <-- Request received
params: {
  "packageId": "com.unity.xr.arfoundation@6.5.0"
}
[2026-09-07T06:01:36.209Z][INFO] packages:get-packageinfo <-- Request received
params: {
  "packageId": "com.unity.xr.arkit@6.5.0"
}
[2026-09-07T06:01:36.369Z][INFO] packages:get-packageinfo <-- Request received
params: {
  "packageId": "com.unity.xr.hands@1.8.1"
}
[2026-09-07T06:01:36.370Z][INFO] packages:get-packageinfo <-- Request received
params: {
  "packageId": "com.unity.xr.interaction.toolkit@3.5.1"
}
[2026-09-07T06:01:36.371Z][INFO] packages:get-packageinfo <-- Request received
params: {
  "packageId": "com.unity.xr.management@4.5.4"
}
[2026-09-07T06:01:36.373Z][INFO] packages:get-packageinfo <-- Request received
params: {
  "packageId": "com.unity.xr.meta-openxr@2.5.1"
}
[2026-09-07T06:01:36.376Z][INFO] packages:get-packageinfo <-- Request received
params: {
  "packageId": "com.unity.xr.openxr@1.17.1"
}
[2026-09-07T06:01:37.223Z][INFO] project:list-packages --> 200 (1357 ms)
[2026-09-07T06:01:37.265Z][INFO] packages:get-packageinfo --> 200 (1065 ms)
[2026-09-07T06:01:38.162Z][INFO] packages:get-packageinfo --> 200 (1960 ms)
[2026-09-07T06:01:39.190Z][INFO] packages:get-packageinfo --> 200 (3000 ms)
[2026-09-07T06:01:39.413Z][INFO] packages:get-packageinfo --> 200 (3225 ms)
[2026-09-07T06:01:39.537Z][INFO] packages:get-packageinfo --> 200 (3345 ms)
[2026-09-07T06:01:40.774Z][INFO] packages:get-packageinfo --> 200 (4579 ms)
[2026-09-07T06:01:40.774Z][INFO] packages:get-packageinfo --> 200 (4580 ms)
[2026-09-07T06:01:41.227Z][INFO] packages:get-packageinfo --> 200 (5022 ms)
[2026-09-07T06:01:41.245Z][INFO] packages:get-packageinfo --> 200 (5047 ms)
[2026-09-07T06:01:41.259Z][INFO] packages:get-packageinfo --> 200 (5054 ms)
[2026-09-07T06:01:41.451Z][INFO] packages:get-packageinfo --> 200 (5080 ms)
[2026-09-07T06:01:41.519Z][INFO] packages:get-packageinfo --> 200 (5150 ms)
[2026-09-07T06:01:41.527Z][INFO] packages:get-packageinfo --> 200 (5318 ms)
[2026-09-07T06:01:41.575Z][INFO] packages:get-packageinfo --> 200 (5368 ms)
[2026-09-07T06:01:41.609Z][INFO] packages:get-packageinfo --> 200 (5233 ms)
[2026-09-07T06:01:41.610Z][INFO] packages:get-packageinfo --> 200 (5238 ms)
[2026-09-07T06:01:41.659Z][INFO] packages:get-packageinfo --> 200 (5289 ms)
[2026-09-07T06:01:41.678Z][INFO] packages:get-all-packageinfo --> 200 (8041 ms)
[2026-09-07T06:01:41.854Z][INFO] packages:get-packageinfo <-- Request received
params: {
  "packageId": "com.unity.scriptablebuildpipeline@2.6.2"
}
[2026-09-07T06:01:41.869Z][INFO] packages:get-packageinfo <-- Request received
params: {
  "packageId": "com.unity.xr.androidxr-openxr@1.3.2"
}
[2026-09-07T06:01:41.882Z][INFO] packages:get-packageinfo <-- Request received
params: {
  "packageId": "com.unity.xr.arcore@6.5.1"
}
[2026-09-07T06:01:41.897Z][INFO] packages:get-packageinfo <-- Request received
params: {
  "packageId": "com.unity.xr.arfoundation@6.5.1"
}
[2026-09-07T06:01:41.911Z][INFO] packages:get-packageinfo <-- Request received
params: {
  "packageId": "com.unity.xr.arkit@6.5.1"
}
[2026-09-07T06:01:42.137Z][INFO] packages:get-packageinfo --> 200 (240 ms)
[2026-09-07T06:01:42.141Z][INFO] packages:get-packageinfo --> 200 (259 ms)
[2026-09-07T06:01:42.147Z][INFO] packages:get-packageinfo --> 200 (236 ms)
[2026-09-07T06:01:42.150Z][INFO] packages:get-packageinfo --> 200 (297 ms)
[2026-09-07T06:01:42.151Z][INFO] packages:get-packageinfo --> 200 (282 ms)
